// Jest Snapshot v1, https://goo.gl/fbAQLP

exports[` renders correctly 1`] = `
<div
  className="App"
>
  <header>
    <h1>
      TIP-CALC
    </h1>
  </header>
  <TipForm />
</div>
`;
